// Jest Snapshot v1, https://goo.gl/fbAQLP

exports[`matches snapshot 1`] = `
<div
  className="navbar"
>
  <h1
    id="h1"
  >
    Book List
  </h1>
  <p>
    Currently you have 
    0
     books to get through...
  </p>
</div>
`;
